// Jest Snapshot v1, https://goo.gl/fbAQLP

exports[`App renders correctly 1`] = `
<DocumentFragment>
  <div
    class="App"
  >
    <img
      alt="nasaLogo"
      class="nasa-logo"
      src="https://cdn.cnn.com/cnnnext/dam/assets/200424060716-nasa-worm-logo.jpg"
      width="300px"
    />
    <input
      class="search-input"
      placeholder="search.."
      type="text"
    />
  </div>
</DocumentFragment>
`;
